
Discarded input sections

 .text          0x00000000        0x0 C:\Users\ZY\AppData\Local\Temp\ccjeABcE.o
 .data          0x00000000        0x0 C:\Users\ZY\AppData\Local\Temp\ccjeABcE.o
 .bss           0x00000000        0x0 C:\Users\ZY\AppData\Local\Temp\ccjeABcE.o
 .riscv.attributes
                0x00000000       0x35 C:\Users\ZY\AppData\Local\Temp\ccjeABcE.o
 .text          0x00000000        0x0 C:\Users\ZY\AppData\Local\Temp\cc2erpfC.o
 .data          0x00000000        0x0 C:\Users\ZY\AppData\Local\Temp\cc2erpfC.o
 .bss           0x00000000        0x0 C:\Users\ZY\AppData\Local\Temp\cc2erpfC.o
 .comment       0x00000000       0x34 C:\Users\ZY\AppData\Local\Temp\cc2erpfC.o
 .note.GNU-stack
                0x00000000        0x0 C:\Users\ZY\AppData\Local\Temp\cc2erpfC.o
 .riscv.attributes
                0x00000000       0x37 C:\Users\ZY\AppData\Local\Temp\cc2erpfC.o

Memory Configuration

Name             Origin             Length             Attributes
INSTR            0x80000000         0x00004000         xr
DATA             0x80100000         0x00040000         xrw
*default*        0x00000000         0xffffffff

Linker script and memory map

LOAD C:\Users\ZY\AppData\Local\Temp\ccjeABcE.o
LOAD C:\Users\ZY\AppData\Local\Temp\cc2erpfC.o
                0x80140000                        PROVIDE (__stack_top = (ORIGIN (DATA) + LENGTH (DATA)))

.text           0x80000000       0x54
                0x80000000                        . = ALIGN (0x4)
 *(.text.startup)
 .text.startup  0x80000000       0x38 C:\Users\ZY\AppData\Local\Temp\ccjeABcE.o
                0x80000000                _start
 *(.text)
 *(.text.*)
 .text.startup.main
                0x80000038       0x1c C:\Users\ZY\AppData\Local\Temp\cc2erpfC.o
                0x80000038                main
                0x80000054                        . = ALIGN (0x4)

.rela.dyn       0x80000054        0x0
 .rela.text.startup
                0x80000054        0x0 C:\Users\ZY\AppData\Local\Temp\ccjeABcE.o

.trap           0x80000054        0x0
                0x80000054                        . = ALIGN (0x4)
 *(.trap)
                0x80000054                        . = ALIGN (0x4)

.rodata         0x80100000        0x0
                0x80100000                        . = ALIGN (0x4)
 *(.srodata)
 *(.srodata.*)
 *(.rodata)
 *(.rodata.*)
                0x80100000                        . = ALIGN (0x4)

.data           0x80100000        0x0
                0x80100000                        . = ALIGN (0x4)
 *(.sdata)
 *(.sdata.*)
 *(.data)
 *(.data.*)
                0x80100000                        . = ALIGN (0x4)

.bss            0x80100000        0x0
                0x80100000                        . = ALIGN (0x4)
                0x80100000                        __bss_start = .
 *(.sbss)
 *(.sbss.*)
 *(.bss)
 *(.bss.*)
 *(COMMON)
                0x80100000                        . = ALIGN (0x4)
                0x80100000                        __bss_end = .

/DISCARD/
 *(.comment)
 *(.riscv.attributes)
 *(.note*)
 *(.eh_frame*)
OUTPUT(F:\riscv-gcc\build\led_shift\led_shift.elf elf32-littleriscv)
