
Discarded input sections

 .text          0x00000000        0x0 C:\Users\ZY\AppData\Local\Temp\ccYs7Eji.o
 .data          0x00000000        0x0 C:\Users\ZY\AppData\Local\Temp\ccYs7Eji.o
 .bss           0x00000000        0x0 C:\Users\ZY\AppData\Local\Temp\ccYs7Eji.o
 .riscv.attributes
                0x00000000       0x35 C:\Users\ZY\AppData\Local\Temp\ccYs7Eji.o
 .text          0x00000000        0x0 C:\Users\ZY\AppData\Local\Temp\ccN4SOCX.o
 .data          0x00000000        0x0 C:\Users\ZY\AppData\Local\Temp\ccN4SOCX.o
 .bss           0x00000000        0x0 C:\Users\ZY\AppData\Local\Temp\ccN4SOCX.o
 .comment       0x00000000       0x34 C:\Users\ZY\AppData\Local\Temp\ccN4SOCX.o
 .note.GNU-stack
                0x00000000        0x0 C:\Users\ZY\AppData\Local\Temp\ccN4SOCX.o
 .riscv.attributes
                0x00000000       0x37 C:\Users\ZY\AppData\Local\Temp\ccN4SOCX.o

Memory Configuration

Name             Origin             Length             Attributes
INSTR            0x80000000         0x00004000         xr
DATA             0x80100000         0x00040000         xrw
*default*        0x00000000         0xffffffff

Linker script and memory map

LOAD C:\Users\ZY\AppData\Local\Temp\ccYs7Eji.o
LOAD C:\Users\ZY\AppData\Local\Temp\ccN4SOCX.o
                0x80140000                        PROVIDE (__stack_top = (ORIGIN (DATA) + LENGTH (DATA)))

.text           0x80000000       0xb0
                0x80000000                        . = ALIGN (0x4)
 *(.text.startup)
 .text.startup  0x80000000       0x38 C:\Users\ZY\AppData\Local\Temp\ccYs7Eji.o
                0x80000000                _start
 *(.text)
 *(.text.*)
 .text.startup.main
                0x80000038       0x78 C:\Users\ZY\AppData\Local\Temp\ccN4SOCX.o
                0x80000038                main
                0x800000b0                        . = ALIGN (0x4)

.trap           0x800000b0       0x94
                0x800000b0                        . = ALIGN (0x4)
 *(.trap)
 .trap          0x800000b0       0x94 C:\Users\ZY\AppData\Local\Temp\ccN4SOCX.o
                0x800000b0                trap_handler
                0x80000144                        . = ALIGN (0x4)

.rela.dyn       0x80000144        0x0
 .rela.text.startup
                0x80000144        0x0 C:\Users\ZY\AppData\Local\Temp\ccYs7Eji.o

.rodata         0x80100000        0x0
                0x80100000                        . = ALIGN (0x4)
 *(.srodata)
 *(.srodata.*)
 *(.rodata)
 *(.rodata.*)
                0x80100000                        . = ALIGN (0x4)

.data           0x80100000        0x0
                0x80100000                        . = ALIGN (0x4)
 *(.sdata)
 *(.sdata.*)
 *(.data)
 *(.data.*)
                0x80100000                        . = ALIGN (0x4)

.bss            0x80100000        0x4
                0x80100000                        . = ALIGN (0x4)
                0x80100000                        __bss_start = .
 *(.sbss)
 *(.sbss.*)
 *(.bss)
 *(.bss.*)
 .bss.g_irq_count
                0x80100000        0x4 C:\Users\ZY\AppData\Local\Temp\ccN4SOCX.o
 *(COMMON)
                0x80100004                        . = ALIGN (0x4)
                0x80100004                        __bss_end = .

/DISCARD/
 *(.comment)
 *(.riscv.attributes)
 *(.note*)
 *(.eh_frame*)
OUTPUT(F:\riscv-gcc\build\timer_irq\timer_irq.elf elf32-littleriscv)
